// Jest Snapshot v1, https://goo.gl/fbAQLP

exports[`Axios-backed UserCard Can show a User's details 1`] = `
<div>
  <div
    class="ant-card ant-card-bordered"
  >
    <div
      class="ant-card-head"
    >
      <div
        class="ant-card-head-wrapper"
      >
        <div
          class="ant-card-head-title"
        >
          <div>
            <div>
              <span
                class="ant-badge"
              >
                <span
                  class="ant-avatar ant-avatar-lg ant-avatar-circle ant-avatar-image"
                >
                  <img
                    src="https://via.placeholder.com/150"
                  />
                </span>
                <sup
                  class="ant-scroll-number ant-badge-count ant-badge-multiple-words"
                  data-show="true"
                  title="42"
                >
                  <span
                    class="ant-scroll-number-only"
                    style="transform: translateY(-400%);"
                  >
                    <p
                      class=""
                    >
                      0
                    </p>
                    <p
                      class=""
                    >
                      1
                    </p>
                    <p
                      class=""
                    >
                      2
                    </p>
                    <p
                      class=""
                    >
                      3
                    </p>
                    <p
                      class="current"
                    >
                      4
                    </p>
                    <p
                      class=""
                    >
                      5
                    </p>
                    <p
                      class=""
                    >
                      6
                    </p>
                    <p
                      class=""
                    >
                      7
                    </p>
                    <p
                      class=""
                    >
                      8
                    </p>
                    <p
                      class=""
                    >
                      9
                    </p>
                    <p
                      class=""
                    >
                      0
                    </p>
                    <p
                      class=""
                    >
                      1
                    </p>
                    <p
                      class=""
                    >
                      2
                    </p>
                    <p
                      class=""
                    >
                      3
                    </p>
                    <p
                      class=""
                    >
                      4
                    </p>
                    <p
                      class=""
                    >
                      5
                    </p>
                    <p
                      class=""
                    >
                      6
                    </p>
                    <p
                      class=""
                    >
                      7
                    </p>
                    <p
                      class=""
                    >
                      8
                    </p>
                    <p
                      class=""
                    >
                      9
                    </p>
                    <p
                      class=""
                    >
                      0
                    </p>
                    <p
                      class=""
                    >
                      1
                    </p>
                    <p
                      class=""
                    >
                      2
                    </p>
                    <p
                      class=""
                    >
                      3
                    </p>
                    <p
                      class=""
                    >
                      4
                    </p>
                    <p
                      class=""
                    >
                      5
                    </p>
                    <p
                      class=""
                    >
                      6
                    </p>
                    <p
                      class=""
                    >
                      7
                    </p>
                    <p
                      class=""
                    >
                      8
                    </p>
                    <p
                      class=""
                    >
                      9
                    </p>
                  </span>
                  <span
                    class="ant-scroll-number-only"
                    style="transform: translateY(-200%);"
                  >
                    <p
                      class=""
                    >
                      0
                    </p>
                    <p
                      class=""
                    >
                      1
                    </p>
                    <p
                      class="current"
                    >
                      2
                    </p>
                    <p
                      class=""
                    >
                      3
                    </p>
                    <p
                      class=""
                    >
                      4
                    </p>
                    <p
                      class=""
                    >
                      5
                    </p>
                    <p
                      class=""
                    >
                      6
                    </p>
                    <p
                      class=""
                    >
                      7
                    </p>
                    <p
                      class=""
                    >
                      8
                    </p>
                    <p
                      class=""
                    >
                      9
                    </p>
                    <p
                      class=""
                    >
                      0
                    </p>
                    <p
                      class=""
                    >
                      1
                    </p>
                    <p
                      class=""
                    >
                      2
                    </p>
                    <p
                      class=""
                    >
                      3
                    </p>
                    <p
                      class=""
                    >
                      4
                    </p>
                    <p
                      class=""
                    >
                      5
                    </p>
                    <p
                      class=""
                    >
                      6
                    </p>
                    <p
                      class=""
                    >
                      7
                    </p>
                    <p
                      class=""
                    >
                      8
                    </p>
                    <p
                      class=""
                    >
                      9
                    </p>
                    <p
                      class=""
                    >
                      0
                    </p>
                    <p
                      class=""
                    >
                      1
                    </p>
                    <p
                      class=""
                    >
                      2
                    </p>
                    <p
                      class=""
                    >
                      3
                    </p>
                    <p
                      class=""
                    >
                      4
                    </p>
                    <p
                      class=""
                    >
                      5
                    </p>
                    <p
                      class=""
                    >
                      6
                    </p>
                    <p
                      class=""
                    >
                      7
                    </p>
                    <p
                      class=""
                    >
                      8
                    </p>
                    <p
                      class=""
                    >
                      9
                    </p>
                  </span>
                </sup>
              </span>
              <span
                style="margin: 16px;"
              >
                someone
              </span>
            </div>
          </div>
        </div>
      </div>
    </div>
    <div
      class="ant-card-body"
    >
      <div>
        <div>
          ID: 
          asd
        </div>
        <div>
          Full Name: 
          Some One
        </div>
      </div>
    </div>
  </div>
</div>
`;
